Category: 📺央视频道, Name: CCTV-1, Total: 174, Valid: 44, Valid Percent: 25.29%, Whitelist: 0, IPv4: 1, IPv6: 173, Min Delay: 0.1 ms, Max Speed: 14.09 M/s, Avg Speed: 0.32 M/s, Max Resolution: 1920x1080
Category: 📺央视频道, Name: CCTV-2, Total: 185, Valid: 68, Valid Percent: 36.76%, Whitelist: 0, IPv4: 0, IPv6: 185, Min Delay: 0.1 ms, Max Speed: 0.00 M/s, Avg Speed: 0.00 M/s, Max Resolution: 1920x1080
Category: 📺央视频道, Name: CCTV-3, Total: 174, Valid: 55, Valid Percent: 31.61%, Whitelist: 0, IPv4: 1, IPv6: 173, Min Delay: 0.1 ms, Max Speed: 20.61 M/s, Avg Speed: 0.37 M/s, Max Resolution: 1920x1080
Category: 📺央视频道, Name: CCTV-4, Total: 309, Valid: 61, Valid Percent: 19.74%, Whitelist: 0, IPv4: 2, IPv6: 307, Min Delay: 0.1 ms, Max Speed: 19.78 M/s, Avg Speed: 0.34 M/s, Max Resolution: 1920x1080
Category: 📺央视频道, Name: CCTV-5, Total: 228, Valid: 37, Valid Percent: 16.23%, Whitelist: 0, IPv4: 0, IPv6: 228, Min Delay: 0.1 ms, Max Speed: 0.00 M/s, Avg Speed: 0.00 M/s, Max Resolution: 1920x1080
Category: 📺央视频道, Name: CCTV-5+, Total: 97, Valid: 41, Valid Percent: 42.27%, Whitelist: 0, IPv4: 0, IPv6: 97, Min Delay: 0.1 ms, Max Speed: 0.00 M/s, Avg Speed: 0.00 M/s, Max Resolution: 1920x1080
Category: 📺央视频道, Name: CCTV-6, Total: 161, Valid: 35, Valid Percent: 21.74%, Whitelist: 0, IPv4: 0, IPv6: 161, Min Delay: 0.1 ms, Max Speed: 0.00 M/s, Avg Speed: 0.00 M/s, Max Resolution: 1920x1080
Category: 📺央视频道, Name: CCTV-7, Total: 179, Valid: 61, Valid Percent: 34.08%, Whitelist: 0, IPv4: 1, IPv6: 178, Min Delay: 0.1 ms, Max Speed: 13.09 M/s, Avg Speed: 0.21 M/s, Max Resolution: 1920x1080
Category: 📺央视频道, Name: CCTV-8, Total: 168, Valid: 47, Valid Percent: 27.98%, Whitelist: 0, IPv4: 0, IPv6: 168, Min Delay: 0.1 ms, Max Speed: 0.00 M/s, Avg Speed: 0.00 M/s, Max Resolution: 1920x1080
Category: 📺央视频道, Name: CCTV-9, Total: 181, Valid: 59, Valid Percent: 32.60%, Whitelist: 0, IPv4: 0, IPv6: 181, Min Delay: 0.1 ms, Max Speed: 0.00 M/s, Avg Speed: 0.00 M/s, Max Resolution: 1920x1080
Category: 📺央视频道, Name: CCTV-10, Total: 176, Valid: 57, Valid Percent: 32.39%, Whitelist: 0, IPv4: 0, IPv6: 176, Min Delay: 0.1 ms, Max Speed: 0.00 M/s, Avg Speed: 0.00 M/s, Max Resolution: 1920x1080
Category: 📺央视频道, Name: CCTV-11, Total: 187, Valid: 66, Valid Percent: 35.29%, Whitelist: 0, IPv4: 0, IPv6: 187, Min Delay: 0.1 ms, Max Speed: 0.00 M/s, Avg Speed: 0.00 M/s, Max Resolution: 1920x1080
Category: 📺央视频道, Name: CCTV-12, Total: 184, Valid: 64, Valid Percent: 34.78%, Whitelist: 0, IPv4: 0, IPv6: 184, Min Delay: 0.1 ms, Max Speed: 0.00 M/s, Avg Speed: 0.00 M/s, Max Resolution: 1920x1080
Category: 📺央视频道, Name: CCTV-13, Total: 164, Valid: 41, Valid Percent: 25.00%, Whitelist: 0, IPv4: 0, IPv6: 164, Min Delay: 0.1 ms, Max Speed: 0.00 M/s, Avg Speed: 0.00 M/s, Max Resolution: 1920x1080
Category: 📺央视频道, Name: CCTV-14, Total: 162, Valid: 38, Valid Percent: 23.46%, Whitelist: 0, IPv4: 0, IPv6: 162, Min Delay: 0.1 ms, Max Speed: 0.00 M/s, Avg Speed: 0.00 M/s, Max Resolution: 1920x1080
Category: 📺央视频道, Name: CCTV-15, Total: 182, Valid: 64, Valid Percent: 35.16%, Whitelist: 0, IPv4: 1, IPv6: 181, Min Delay: 0.1 ms, Max Speed: 21.16 M/s, Avg Speed: 0.33 M/s, Max Resolution: 1920x1080
Category: 📺央视频道, Name: CCTV-16, Total: 42, Valid: 23, Valid Percent: 54.76%, Whitelist: 0, IPv4: 0, IPv6: 42, Min Delay: 0.1 ms, Max Speed: 0.00 M/s, Avg Speed: 0.00 M/s, Max Resolution: 1920x1080
Category: 📺央视频道, Name: CCTV-17, Total: 166, Valid: 45, Valid Percent: 27.11%, Whitelist: 0, IPv4: 1, IPv6: 165, Min Delay: 0.1 ms, Max Speed: 14.83 M/s, Avg Speed: 0.33 M/s, Max Resolution: 1920x1080
Category: 📺央视频道, Name: CETV-1, Total: 160, Valid: 1, Valid Percent: 0.62%, Whitelist: 0, IPv4: 1, IPv6: 159, Min Delay: 1497 ms, Max Speed: 0.02 M/s, Avg Speed: 0.02 M/s, Max Resolution: None
Category: 📺央视频道, Name: CETV-2, Total: 138, Valid: 0, Valid Percent: 0.00%, Whitelist: 0, IPv4: 0, IPv6: 138, Min Delay: -1 ms, Max Speed: 0.00 M/s, Avg Speed: 0.00 M/s, Max Resolution: None
Category: 📺央视频道, Name: CETV-3, Total: 6, Valid: 0, Valid Percent: 0.00%, Whitelist: 0, IPv4: 0, IPv6: 6, Min Delay: -1 ms, Max Speed: 0.00 M/s, Avg Speed: 0.00 M/s, Max Resolution: None
Category: 📺央视频道, Name: CETV-4, Total: 146, Valid: 1, Valid Percent: 0.68%, Whitelist: 0, IPv4: 1, IPv6: 145, Min Delay: 492 ms, Max Speed: 0.03 M/s, Avg Speed: 0.03 M/s, Max Resolution: None
Category: 💰央视付费频道, Name: 文化精品, Total: 2, Valid: 0, Valid Percent: 0.00%, Whitelist: 0, IPv4: 0, IPv6: 2, Min Delay: -1 ms, Max Speed: 0.00 M/s, Avg Speed: 0.00 M/s, Max Resolution: None
Category: 💰央视付费频道, Name: 央视台球, Total: 5, Valid: 2, Valid Percent: 40.00%, Whitelist: 0, IPv4: 1, IPv6: 4, Min Delay: 0.1 ms, Max Speed: 15.73 M/s, Avg Speed: 7.86 M/s, Max Resolution: 1920x1080
Category: 💰央视付费频道, Name: 风云音乐, Total: 5, Valid: 3, Valid Percent: 60.00%, Whitelist: 0, IPv4: 3, IPv6: 2, Min Delay: 203 ms, Max Speed: 20.41 M/s, Avg Speed: 6.81 M/s, Max Resolution: 1920x1080
Category: 💰央视付费频道, Name: 第一剧场, Total: 7, Valid: 2, Valid Percent: 28.57%, Whitelist: 0, IPv4: 2, IPv6: 5, Min Delay: 168 ms, Max Speed: 22.26 M/s, Avg Speed: 11.13 M/s, Max Resolution: 1920x1080
Category: 💰央视付费频道, Name: 风云剧场, Total: 4, Valid: 1, Valid Percent: 25.00%, Whitelist: 0, IPv4: 1, IPv6: 3, Min Delay: 1515 ms, Max Speed: 0.01 M/s, Avg Speed: 0.01 M/s, Max Resolution: 1920x1080
Category: 💰央视付费频道, Name: 怀旧剧场, Total: 6, Valid: 2, Valid Percent: 33.33%, Whitelist: 0, IPv4: 2, IPv6: 4, Min Delay: 490 ms, Max Speed: 0.08 M/s, Avg Speed: 0.05 M/s, Max Resolution: None
Category: 💰央视付费频道, Name: 女性时尚, Total: 2, Valid: 0, Valid Percent: 0.00%, Whitelist: 0, IPv4: 0, IPv6: 2, Min Delay: -1 ms, Max Speed: 0.00 M/s, Avg Speed: 0.00 M/s, Max Resolution: None
Category: 💰央视付费频道, Name: 高尔夫网球, Total: 3, Valid: 1, Valid Percent: 33.33%, Whitelist: 0, IPv4: 1, IPv6: 2, Min Delay: 1539 ms, Max Speed: 0.02 M/s, Avg Speed: 0.02 M/s, Max Resolution: 1920x1080
Category: 💰央视付费频道, Name: 风云足球, Total: 6, Valid: 4, Valid Percent: 66.67%, Whitelist: 0, IPv4: 0, IPv6: 6, Min Delay: 0.1 ms, Max Speed: 0.00 M/s, Avg Speed: 0.00 M/s, Max Resolution: 1920x1080
Category: 💰央视付费频道, Name: 电视指南, Total: 2, Valid: 0, Valid Percent: 0.00%, Whitelist: 0, IPv4: 0, IPv6: 2, Min Delay: -1 ms, Max Speed: 0.00 M/s, Avg Speed: 0.00 M/s, Max Resolution: None
Category: 💰央视付费频道, Name: 世界地理, Total: 3, Valid: 2, Valid Percent: 66.67%, Whitelist: 0, IPv4: 1, IPv6: 2, Min Delay: 0.1 ms, Max Speed: 20.45 M/s, Avg Speed: 10.22 M/s, Max Resolution: 1920x1080
Category: 💰央视付费频道, Name: 兵器科技, Total: 5, Valid: 3, Valid Percent: 60.00%, Whitelist: 0, IPv4: 3, IPv6: 2, Min Delay: 259 ms, Max Speed: 19.86 M/s, Avg Speed: 6.64 M/s, Max Resolution: 1920x1080
Category: 📡卫视频道, Name: 广东卫视, Total: 166, Valid: 58, Valid Percent: 34.94%, Whitelist: 0, IPv4: 0, IPv6: 166, Min Delay: 0.1 ms, Max Speed: 0.00 M/s, Avg Speed: 0.00 M/s, Max Resolution: 1920x1080
Category: 📡卫视频道, Name: 香港卫视, Total: 13, Valid: 5, Valid Percent: 38.46%, Whitelist: 0, IPv4: 0, IPv6: 13, Min Delay: 0.1 ms, Max Speed: 0.00 M/s, Avg Speed: 0.00 M/s, Max Resolution: 1920x1080
Category: 📡卫视频道, Name: 浙江卫视, Total: 189, Valid: 68, Valid Percent: 35.98%, Whitelist: 0, IPv4: 0, IPv6: 189, Min Delay: 0.1 ms, Max Speed: 0.00 M/s, Avg Speed: 0.00 M/s, Max Resolution: 1920x1080
Category: 📡卫视频道, Name: 湖南卫视, Total: 125, Valid: 58, Valid Percent: 46.40%, Whitelist: 0, IPv4: 2, IPv6: 123, Min Delay: 0.1 ms, Max Speed: 11.53 M/s, Avg Speed: 0.39 M/s, Max Resolution: 1920x1080
Category: 📡卫视频道, Name: 北京卫视, Total: 135, Valid: 54, Valid Percent: 40.00%, Whitelist: 0, IPv4: 2, IPv6: 133, Min Delay: 0.1 ms, Max Speed: 11.96 M/s, Avg Speed: 0.43 M/s, Max Resolution: 1920x1080
Category: 📡卫视频道, Name: 湖北卫视, Total: 188, Valid: 71, Valid Percent: 37.77%, Whitelist: 0, IPv4: 1, IPv6: 187, Min Delay: 0.1 ms, Max Speed: 20.23 M/s, Avg Speed: 0.28 M/s, Max Resolution: 1920x1080
Category: 📡卫视频道, Name: 黑龙江卫视, Total: 73, Valid: 58, Valid Percent: 79.45%, Whitelist: 0, IPv4: 0, IPv6: 73, Min Delay: 0.1 ms, Max Speed: 0.00 M/s, Avg Speed: 0.00 M/s, Max Resolution: 1920x1080
Category: 📡卫视频道, Name: 安徽卫视, Total: 71, Valid: 58, Valid Percent: 81.69%, Whitelist: 0, IPv4: 0, IPv6: 71, Min Delay: 0.1 ms, Max Speed: 0.00 M/s, Avg Speed: 0.00 M/s, Max Resolution: 1920x1080
Category: 📡卫视频道, Name: 重庆卫视, Total: 74, Valid: 56, Valid Percent: 75.68%, Whitelist: 0, IPv4: 1, IPv6: 73, Min Delay: 0.1 ms, Max Speed: 13.34 M/s, Avg Speed: 0.24 M/s, Max Resolution: 1920x1080
Category: 📡卫视频道, Name: 东方卫视, Total: 182, Valid: 60, Valid Percent: 32.97%, Whitelist: 0, IPv4: 1, IPv6: 181, Min Delay: 0.1 ms, Max Speed: 20.04 M/s, Avg Speed: 0.33 M/s, Max Resolution: 1920x1080
Category: 📡卫视频道, Name: 东南卫视, Total: 61, Valid: 41, Valid Percent: 67.21%, Whitelist: 0, IPv4: 0, IPv6: 61, Min Delay: 0.1 ms, Max Speed: 0.00 M/s, Avg Speed: 0.00 M/s, Max Resolution: 1920x1080
Category: 📡卫视频道, Name: 甘肃卫视, Total: 34, Valid: 24, Valid Percent: 70.59%, Whitelist: 0, IPv4: 0, IPv6: 34, Min Delay: 0.1 ms, Max Speed: 0.00 M/s, Avg Speed: 0.00 M/s, Max Resolution: 1920x1080
Category: 📡卫视频道, Name: 广西卫视, Total: 44, Valid: 35, Valid Percent: 79.55%, Whitelist: 0, IPv4: 1, IPv6: 43, Min Delay: 0.1 ms, Max Speed: 22.35 M/s, Avg Speed: 0.64 M/s, Max Resolution: 1920x1080
Category: 📡卫视频道, Name: 贵州卫视, Total: 49, Valid: 34, Valid Percent: 69.39%, Whitelist: 0, IPv4: 0, IPv6: 49, Min Delay: 0.1 ms, Max Speed: 0.00 M/s, Avg Speed: 0.00 M/s, Max Resolution: 1920x1080
Category: 📡卫视频道, Name: 海南卫视, Total: 198, Valid: 38, Valid Percent: 19.19%, Whitelist: 0, IPv4: 1, IPv6: 197, Min Delay: 0.1 ms, Max Speed: 1.12 M/s, Avg Speed: 0.03 M/s, Max Resolution: 1920x1080
Category: 📡卫视频道, Name: 河北卫视, Total: 54, Valid: 41, Valid Percent: 75.93%, Whitelist: 0, IPv4: 0, IPv6: 54, Min Delay: 0.1 ms, Max Speed: 0.00 M/s, Avg Speed: 0.00 M/s, Max Resolution: 1920x1080
Category: 📡卫视频道, Name: 河南卫视, Total: 164, Valid: 50, Valid Percent: 30.49%, Whitelist: 0, IPv4: 1, IPv6: 163, Min Delay: 0.1 ms, Max Speed: 32.22 M/s, Avg Speed: 0.64 M/s, Max Resolution: 1920x1080
Category: 📡卫视频道, Name: 吉林卫视, Total: 159, Valid: 54, Valid Percent: 33.96%, Whitelist: 0, IPv4: 0, IPv6: 159, Min Delay: 0.1 ms, Max Speed: 0.00 M/s, Avg Speed: 0.00 M/s, Max Resolution: 1920x1080
Category: 📡卫视频道, Name: 江苏卫视, Total: 178, Valid: 63, Valid Percent: 35.39%, Whitelist: 0, IPv4: 0, IPv6: 178, Min Delay: 0.1 ms, Max Speed: 0.00 M/s, Avg Speed: 0.00 M/s, Max Resolution: 1920x1080
Category: 📡卫视频道, Name: 江西卫视, Total: 181, Valid: 64, Valid Percent: 35.36%, Whitelist: 0, IPv4: 0, IPv6: 181, Min Delay: 0.1 ms, Max Speed: 0.00 M/s, Avg Speed: 0.00 M/s, Max Resolution: 1920x1080
Category: 📡卫视频道, Name: 辽宁卫视, Total: 150, Valid: 39, Valid Percent: 26.00%, Whitelist: 0, IPv4: 0, IPv6: 150, Min Delay: 0.1 ms, Max Speed: 0.00 M/s, Avg Speed: 0.00 M/s, Max Resolution: 1920x1080
Category: 📡卫视频道, Name: 内蒙古卫视, Total: 99, Valid: 21, Valid Percent: 21.21%, Whitelist: 0, IPv4: 0, IPv6: 99, Min Delay: 0.1 ms, Max Speed: 0.00 M/s, Avg Speed: 0.00 M/s, Max Resolution: 1920x1080
Category: 📡卫视频道, Name: 宁夏卫视, Total: 53, Valid: 20, Valid Percent: 37.74%, Whitelist: 0, IPv4: 0, IPv6: 53, Min Delay: 0.1 ms, Max Speed: 0.00 M/s, Avg Speed: 0.00 M/s, Max Resolution: 1920x1080
Category: 📡卫视频道, Name: 青海卫视, Total: 157, Valid: 26, Valid Percent: 16.56%, Whitelist: 0, IPv4: 0, IPv6: 157, Min Delay: 0.1 ms, Max Speed: 0.00 M/s, Avg Speed: 0.00 M/s, Max Resolution: 1920x1080
Category: 📡卫视频道, Name: 山东卫视, Total: 53, Valid: 41, Valid Percent: 77.36%, Whitelist: 0, IPv4: 0, IPv6: 53, Min Delay: 0.1 ms, Max Speed: 0.00 M/s, Avg Speed: 0.00 M/s, Max Resolution: 1920x1080
Category: 📡卫视频道, Name: 山西卫视, Total: 24, Valid: 12, Valid Percent: 50.00%, Whitelist: 0, IPv4: 0, IPv6: 24, Min Delay: 0.1 ms, Max Speed: 0.00 M/s, Avg Speed: 0.00 M/s, Max Resolution: 1920x1080
Category: 📡卫视频道, Name: 陕西卫视, Total: 135, Valid: 22, Valid Percent: 16.30%, Whitelist: 0, IPv4: 0, IPv6: 135, Min Delay: 0.1 ms, Max Speed: 0.00 M/s, Avg Speed: 0.00 M/s, Max Resolution: 1920x1080
Category: 📡卫视频道, Name: 四川卫视, Total: 41, Valid: 30, Valid Percent: 73.17%, Whitelist: 0, IPv4: 0, IPv6: 41, Min Delay: 0.1 ms, Max Speed: 0.00 M/s, Avg Speed: 0.00 M/s, Max Resolution: 1920x1080
Category: 📡卫视频道, Name: 深圳卫视, Total: 49, Valid: 33, Valid Percent: 67.35%, Whitelist: 0, IPv4: 0, IPv6: 49, Min Delay: 0.1 ms, Max Speed: 0.00 M/s, Avg Speed: 0.00 M/s, Max Resolution: 1920x1080
Category: 📡卫视频道, Name: 三沙卫视, Total: 76, Valid: 11, Valid Percent: 14.47%, Whitelist: 0, IPv4: 0, IPv6: 76, Min Delay: 0.1 ms, Max Speed: 0.00 M/s, Avg Speed: 0.00 M/s, Max Resolution: 1920x1080
Category: 📡卫视频道, Name: 天津卫视, Total: 52, Valid: 40, Valid Percent: 76.92%, Whitelist: 0, IPv4: 0, IPv6: 52, Min Delay: 0.1 ms, Max Speed: 0.00 M/s, Avg Speed: 0.00 M/s, Max Resolution: 1920x1080
Category: 📡卫视频道, Name: 西藏卫视, Total: 39, Valid: 22, Valid Percent: 56.41%, Whitelist: 0, IPv4: 1, IPv6: 38, Min Delay: 0.1 ms, Max Speed: 0.61 M/s, Avg Speed: 0.03 M/s, Max Resolution: 1920x1080
Category: 📡卫视频道, Name: 新疆卫视, Total: 33, Valid: 21, Valid Percent: 63.64%, Whitelist: 0, IPv4: 0, IPv6: 33, Min Delay: 0.1 ms, Max Speed: 0.00 M/s, Avg Speed: 0.00 M/s, Max Resolution: 1920x1080
Category: 📡卫视频道, Name: 云南卫视, Total: 36, Valid: 24, Valid Percent: 66.67%, Whitelist: 0, IPv4: 0, IPv6: 36, Min Delay: 0.1 ms, Max Speed: 0.00 M/s, Avg Speed: 0.00 M/s, Max Resolution: 1920x1080
Category: ☘️北京频道, Name: 北京卡酷少儿, Total: 67, Valid: 0, Valid Percent: 0.00%, Whitelist: 0, IPv4: 0, IPv6: 67, Min Delay: -1 ms, Max Speed: 0.00 M/s, Avg Speed: 0.00 M/s, Max Resolution: None
Category: ☘️北京频道, Name: 北京新闻, Total: 74, Valid: 10, Valid Percent: 13.51%, Whitelist: 0, IPv4: 1, IPv6: 73, Min Delay: 0.1 ms, Max Speed: 8.81 M/s, Avg Speed: 0.88 M/s, Max Resolution: 1920x1080
Category: ☘️北京频道, Name: 北京生活, Total: 68, Valid: 4, Valid Percent: 5.88%, Whitelist: 0, IPv4: 1, IPv6: 67, Min Delay: 0.1 ms, Max Speed: 0.08 M/s, Avg Speed: 0.02 M/s, Max Resolution: 1920x1080
Category: ☘️北京频道, Name: 北京科教, Total: 1, Valid: 1, Valid Percent: 100.00%, Whitelist: 0, IPv4: 1, IPv6: 0, Min Delay: 4 ms, Max Speed: 43.66 M/s, Avg Speed: 43.66 M/s, Max Resolution: 19x24
Category: ☘️北京频道, Name: 北京财经, Total: 67, Valid: 3, Valid Percent: 4.48%, Whitelist: 0, IPv4: 0, IPv6: 67, Min Delay: 0.1 ms, Max Speed: 0.00 M/s, Avg Speed: 0.00 M/s, Max Resolution: 1920x1080
Category: ☘️北京频道, Name: 北京青年, Total: 1, Valid: 1, Valid Percent: 100.00%, Whitelist: 0, IPv4: 1, IPv6: 0, Min Delay: 15 ms, Max Speed: 6.86 M/s, Avg Speed: 6.86 M/s, Max Resolution: 19x24
